Archive member included to satisfy reference by file (symbol)

/opt/st/stm32cubeide_2.0.0/plugins/com.st.stm32cube.ide.mcu.externaltools.gnu-tools-for-stm32.13.3.rel1.linux64_1.0.100.202509120712/tools/bin/../lib/gcc/arm-none-eabi/13.3.1/../../../../arm-none-eabi/lib/thumb/v7-m/nofp/libc_nano.a(libc_a-exit.o)
                              /opt/st/stm32cubeide_2.0.0/plugins/com.st.stm32cube.ide.mcu.externaltools.gnu-tools-for-stm32.13.3.rel1.linux64_1.0.100.202509120712/tools/bin/../lib/gcc/arm-none-eabi/13.3.1/../../../../arm-none-eabi/lib/thumb/v7-m/nofp/crt0.o (exit)
/opt/st/stm32cubeide_2.0.0/plugins/com.st.stm32cube.ide.mcu.externaltools.gnu-tools-for-stm32.13.3.rel1.linux64_1.0.100.202509120712/tools/bin/../lib/gcc/arm-none-eabi/13.3.1/../../../../arm-none-eabi/lib/thumb/v7-m/nofp/libc_nano.a(libc_a-findfp.o)
                              /opt/st/stm32cubeide_2.0.0/plugins/com.st.stm32cube.ide.mcu.externaltools.gnu-tools-for-stm32.13.3.rel1.linux64_1.0.100.202509120712/tools/bin/../lib/gcc/arm-none-eabi/13.3.1/../../../../arm-none-eabi/lib/thumb/v7-m/nofp/libc_nano.a(libc_a-exit.o) (__stdio_exit_handler)
/opt/st/stm32cubeide_2.0.0/plugins/com.st.stm32cube.ide.mcu.externaltools.gnu-tools-for-stm32.13.3.rel1.linux64_1.0.100.202509120712/tools/bin/../lib/gcc/arm-none-eabi/13.3.1/../../../../arm-none-eabi/lib/thumb/v7-m/nofp/libc_nano.a(libc_a-fwalk.o)
                              /opt/st/stm32cubeide_2.0.0/plugins/com.st.stm32cube.ide.mcu.externaltools.gnu-tools-for-stm32.13.3.rel1.linux64_1.0.100.202509120712/tools/bin/../lib/gcc/arm-none-eabi/13.3.1/../../../../arm-none-eabi/lib/thumb/v7-m/nofp/libc_nano.a(libc_a-findfp.o) (_fwalk_sglue)
/opt/st/stm32cubeide_2.0.0/plugins/com.st.stm32cube.ide.mcu.externaltools.gnu-tools-for-stm32.13.3.rel1.linux64_1.0.100.202509120712/tools/bin/../lib/gcc/arm-none-eabi/13.3.1/../../../../arm-none-eabi/lib/thumb/v7-m/nofp/libc_nano.a(libc_a-stdio.o)
                              /opt/st/stm32cubeide_2.0.0/plugins/com.st.stm32cube.ide.mcu.externaltools.gnu-tools-for-stm32.13.3.rel1.linux64_1.0.100.202509120712/tools/bin/../lib/gcc/arm-none-eabi/13.3.1/../../../../arm-none-eabi/lib/thumb/v7-m/nofp/libc_nano.a(libc_a-findfp.o) (__sread)
/opt/st/stm32cubeide_2.0.0/plugins/com.st.stm32cube.ide.mcu.externaltools.gnu-tools-for-stm32.13.3.rel1.linux64_1.0.100.202509120712/tools/bin/../lib/gcc/arm-none-eabi/13.3.1/../../../../arm-none-eabi/lib/thumb/v7-m/nofp/libc_nano.a(libc_a-memset.o)
                              /opt/st/stm32cubeide_2.0.0/plugins/com.st.stm32cube.ide.mcu.externaltools.gnu-tools-for-stm32.13.3.rel1.linux64_1.0.100.202509120712/tools/bin/../lib/gcc/arm-none-eabi/13.3.1/../../../../arm-none-eabi/lib/thumb/v7-m/nofp/crt0.o (memset)
/opt/st/stm32cubeide_2.0.0/plugins/com.st.stm32cube.ide.mcu.externaltools.gnu-tools-for-stm32.13.3.rel1.linux64_1.0.100.202509120712/tools/bin/../lib/gcc/arm-none-eabi/13.3.1/../../../../arm-none-eabi/lib/thumb/v7-m/nofp/libc_nano.a(libc_a-closer.o)
                              /opt/st/stm32cubeide_2.0.0/plugins/com.st.stm32cube.ide.mcu.externaltools.gnu-tools-for-stm32.13.3.rel1.linux64_1.0.100.202509120712/tools/bin/../lib/gcc/arm-none-eabi/13.3.1/../../../../arm-none-eabi/lib/thumb/v7-m/nofp/libc_nano.a(libc_a-stdio.o) (_close_r)
/opt/st/stm32cubeide_2.0.0/plugins/com.st.stm32cube.ide.mcu.externaltools.gnu-tools-for-stm32.13.3.rel1.linux64_1.0.100.202509120712/tools/bin/../lib/gcc/arm-none-eabi/13.3.1/../../../../arm-none-eabi/lib/thumb/v7-m/nofp/libc_nano.a(libc_a-reent.o)
                              /opt/st/stm32cubeide_2.0.0/plugins/com.st.stm32cube.ide.mcu.externaltools.gnu-tools-for-stm32.13.3.rel1.linux64_1.0.100.202509120712/tools/bin/../lib/gcc/arm-none-eabi/13.3.1/../../../../arm-none-eabi/lib/thumb/v7-m/nofp/libc_nano.a(libc_a-closer.o) (errno)
/opt/st/stm32cubeide_2.0.0/plugins/com.st.stm32cube.ide.mcu.externaltools.gnu-tools-for-stm32.13.3.rel1.linux64_1.0.100.202509120712/tools/bin/../lib/gcc/arm-none-eabi/13.3.1/../../../../arm-none-eabi/lib/thumb/v7-m/nofp/libc_nano.a(libc_a-impure.o)
                              /opt/st/stm32cubeide_2.0.0/plugins/com.st.stm32cube.ide.mcu.externaltools.gnu-tools-for-stm32.13.3.rel1.linux64_1.0.100.202509120712/tools/bin/../lib/gcc/arm-none-eabi/13.3.1/../../../../arm-none-eabi/lib/thumb/v7-m/nofp/libc_nano.a(libc_a-reent.o) (_impure_ptr)
/opt/st/stm32cubeide_2.0.0/plugins/com.st.stm32cube.ide.mcu.externaltools.gnu-tools-for-stm32.13.3.rel1.linux64_1.0.100.202509120712/tools/bin/../lib/gcc/arm-none-eabi/13.3.1/../../../../arm-none-eabi/lib/thumb/v7-m/nofp/libc_nano.a(libc_a-lseekr.o)
                              /opt/st/stm32cubeide_2.0.0/plugins/com.st.stm32cube.ide.mcu.externaltools.gnu-tools-for-stm32.13.3.rel1.linux64_1.0.100.202509120712/tools/bin/../lib/gcc/arm-none-eabi/13.3.1/../../../../arm-none-eabi/lib/thumb/v7-m/nofp/libc_nano.a(libc_a-stdio.o) (_lseek_r)
[...]
Memory Configuration

Name             Origin             Length             Attributes
RAM              0x20000000         0x00005000         xrw
FLASH            0x08000000         0x00020000         xr
*default*        0x00000000         0xffffffff

Linker script and memory map

LOAD /opt/st/stm32cubeide_2.0.0/plugins/com.st.stm32cube.ide.mcu.externaltools.gnu-tools-for-stm32.13.3.rel1.linux64_1.0.100.202509120712/tools/bin/../lib/gcc/arm-none-eabi/13.3.1/thumb/v7-m/nofp/crti.o
LOAD /opt/st/stm32cubeide_2.0.0/plugins/com.st.stm32cube.ide.mcu.externaltools.gnu-tools-for-stm32.13.3.rel1.linux64_1.0.100.202509120712/tools/bin/../lib/gcc/arm-none-eabi/13.3.1/thumb/v7-m/nofp/crtbegin.o
LOAD /opt/st/stm32cubeide_2.0.0/plugins/com.st.stm32cube.ide.mcu.externaltools.gnu-tools-for-stm32.13.3.rel1.linux64_1.0.100.202509120712/tools/bin/../lib/gcc/arm-none-eabi/13.3.1/../../../../arm-none-eabi/lib/thumb/v7-m/nofp/crt0.o
LOAD ./Core/Src/car.o
LOAD ./Core/Src/delay.o
LOAD ./Core/Src/gpio.o
LOAD ./Core/Src/hcsr04_3.o
LOAD ./Core/Src/main.o
LOAD ./Core/Src/stm32f1xx_hal_msp.o
LOAD ./Core/Src/stm32f1xx_it.o
LOAD ./Core/Src/syscalls.o
LOAD ./Core/Src/sysmem.o
LOAD ./Core/Src/system_stm32f1xx.o
LOAD ./Core/Src/tim.o
LOAD ./Core/Src/usart.o
LOAD ./Core/Startup/startup_stm32f103rbtx.o
LOAD ./Drivers/STM32F1xx_HAL_Driver/Src/stm32f1xx_hal.o
LOAD ./Drivers/STM32F1xx_HAL_Driver/Src/stm32f1xx_hal_cortex.o
LOAD ./Drivers/STM32F1xx_HAL_Driver/Src/stm32f1xx_hal_dma.o
LOAD ./Drivers/STM32F1xx_HAL_Driver/Src/stm32f1xx_hal_exti.o
LOAD ./Drivers/STM32F1xx_HAL_Driver/Src/stm32f1xx_hal_flash.o
LOAD ./Drivers/STM32F1xx_HAL_Driver/Src/stm32f1xx_hal_flash_ex.o
LOAD ./Drivers/STM32F1xx_HAL_Driver/Src/stm32f1xx_hal_gpio.o
LOAD ./Drivers/STM32F1xx_HAL_Driver/Src/stm32f1xx_hal_gpio_ex.o
LOAD ./Drivers/STM32F1xx_HAL_Driver/Src/stm32f1xx_hal_pwr.o
LOAD ./Drivers/STM32F1xx_HAL_Driver/Src/stm32f1xx_hal_rcc.o
LOAD ./Drivers/STM32F1xx_HAL_Driver/Src/stm32f1xx_hal_rcc_ex.o
LOAD ./Drivers/STM32F1xx_HAL_Driver/Src/stm32f1xx_hal_tim.o
LOAD ./Drivers/STM32F1xx_HAL_Driver/Src/stm32f1xx_hal_tim_ex.o
LOAD ./Drivers/STM32F1xx_HAL_Driver/Src/stm32f1xx_hal_uart.o
START GROUP
LOAD /opt/st/stm32cubeide_2.0.0/plugins/com.st.stm32cube.ide.mcu.externaltools.gnu-tools-for-stm32.13.3.rel1.linux64_1.0.100.202509120712/tools/bin/../lib/gcc/arm-none-eabi/13.3.1/../../../../arm-none-eabi/lib/thumb/v7-m/nofp/libc_nano.a
LOAD /opt/st/stm32cubeide_2.0.0/plugins/com.st.stm32cube.ide.mcu.externaltools.gnu-tools-for-stm32.13.3.rel1.linux64_1.0.100.202509120712/tools/bin/../lib/gcc/arm-none-eabi/13.3.1/../../../../arm-none-eabi/lib/thumb/v7-m/nofp/libm.a
END GROUP
START GROUP
LOAD /opt/st/stm32cubeide_2.0.0/plugins/com.st.stm32cube.ide.mcu.externaltools.gnu-tools-for-stm32.13.3.rel1.linux64_1.0.100.202509120712/tools/bin/../lib/gcc/arm-none-eabi/13.3.1/thumb/v7-m/nofp/libgcc.a
LOAD /opt/st/stm32cubeide_2.0.0/plugins/com.st.stm32cube.ide.mcu.externaltools.gnu-tools-for-stm32.13.3.rel1.linux64_1.0.100.202509120712/tools/bin/../lib/gcc/arm-none-eabi/13.3.1/../../../../arm-none-eabi/lib/thumb/v7-m/nofp/libc_nano.a
END GROUP
START GROUP
LOAD /opt/st/stm32cubeide_2.0.0/plugins/com.st.stm32cube.ide.mcu.externaltools.gnu-tools-for-stm32.13.3.rel1.linux64_1.0.100.202509120712/tools/bin/../lib/gcc/arm-none-eabi/13.3.1/thumb/v7-m/nofp/libgcc.a
LOAD /opt/st/stm32cubeide_2.0.0/plugins/com.st.stm32cube.ide.mcu.externaltools.gnu-tools-for-stm32.13.3.rel1.linux64_1.0.100.202509120712/tools/bin/../lib/gcc/arm-none-eabi/13.3.1/../../../../arm-none-eabi/lib/thumb/v7-m/nofp/libc_nano.a
LOAD /opt/st/stm32cubeide_2.0.0/plugins/com.st.stm32cube.ide.mcu.externaltools.gnu-tools-for-stm32.13.3.rel1.linux64_1.0.100.202509120712/tools/bin/../lib/gcc/arm-none-eabi/13.3.1/../../../../arm-none-eabi/lib/thumb/v7-m/nofp/libnosys.a
END GROUP
START GROUP
LOAD /opt/st/stm32cubeide_2.0.0/plugins/com.st.stm32cube.ide.mcu.externaltools.gnu-tools-for-stm32.13.3.rel1.linux64_1.0.100.202509120712/tools/bin/../lib/gcc/arm-none-eabi/13.3.1/thumb/v7-m/nofp/libgcc.a
LOAD /opt/st/stm32cubeide_2.0.0/plugins/com.st.stm32cube.ide.mcu.externaltools.gnu-tools-for-stm32.13.3.rel1.linux64_1.0.100.202509120712/tools/bin/../lib/gcc/arm-none-eabi/13.3.1/../../../../arm-none-eabi/lib/thumb/v7-m/nofp/libc_nano.a
LOAD /opt/st/stm32cubeide_2.0.0/plugins/com.st.stm32cube.ide.mcu.externaltools.gnu-tools-for-stm32.13.3.rel1.linux64_1.0.100.202509120712/tools/bin/../lib/gcc/arm-none-eabi/13.3.1/../../../../arm-none-eabi/lib/thumb/v7-m/nofp/libnosys.a
END GROUP
LOAD /opt/st/stm32cubeide_2.0.0/plugins/com.st.stm32cube.ide.mcu.externaltools.gnu-tools-for-stm32.13.3.rel1.linux64_1.0.100.202509120712/tools/bin/../lib/gcc/arm-none-eabi/13.3.1/thumb/v7-m/nofp/crtend.o
LOAD /opt/st/stm32cubeide_2.0.0/plugins/com.st.stm32cube.ide.mcu.externaltools.gnu-tools-for-stm32.13.3.rel1.linux64_1.0.100.202509120712/tools/bin/../lib/gcc/arm-none-eabi/13.3.1/thumb/v7-m/nofp/crtn.o
                0x20005000                        _estack = (ORIGIN (RAM) + LENGTH (RAM))
                0x00000200                        _Min_Heap_Size = 0x200
                0x00000400                        _Min_Stack_Size = 0x400

.isr_vector     0x08000000      0x10c
                0x08000000                        . = ALIGN (0x4)
 *(.isr_vector)
 .isr_vector    0x08000000      0x10c ./Core/Startup/startup_stm32f103rbtx.o
                0x08000000                g_pfnVectors
                0x0800010c                        . = ALIGN (0x4)

.text           0x0800010c     0x4548
                0x0800010c                        . = ALIGN (0x4)
 *(.text)
 .text          0x0800010c       0x40 /opt/st/stm32cubeide_2.0.0/plugins/com.st.stm32cube.ide.mcu.externaltools.gnu-tools-for-stm32.13.3.rel1.linux64_1.0.100.202509120712/tools/bin/../lib/gcc/arm-none-eabi/13.3.1/thumb/v7-m/nofp/crtbegin.o
 *(.text*)
 .text.Car_SetAllOff
                0x0800014c       0x28 ./Core/Src/car.o
 .text.Car_Init
                0x08000174        0xc ./Core/Src/car.o
                0x08000174                Car_Init
 .text.Car_Stop
                0x08000180        0xc ./Core/Src/car.o
                0x08000180                Car_Stop
 .text.Car_Forward
                0x0800018c       0x20 ./Core/Src/car.o
                0x0800018c                Car_Forward
 .text.Car_Backward
                0x080001ac       0x20 ./Core/Src/car.o
                0x080001ac                Car_Backward
 .text.Car_Left
                0x080001cc       0x18 ./Core/Src/car.o
                0x080001cc                Car_Left
 .text.Car_Right
                0x080001e4       0x18 ./Core/Src/car.o
                0x080001e4                Car_Right
 .text.Car_UartStart
                0x080001fc       0x1c ./Core/Src/car.o
                0x080001fc                Car_UartStart
 .text.Car_OnUartByte
                0x08000218       0x88 ./Core/Src/car.o
                0x08000218                Car_OnUartByte
 .text.Car_GetMode
                0x080002a0       0x18 ./Core/Src/car.o
                0x080002a0                Car_GetMode
 .text.Car_SetMode
                0x080002b8       0x20 ./Core/Src/car.o
                0x080002b8                Car_SetMode
 .text.HAL_UART_RxCpltCallback
                0x080002d8       0x3c ./Core/Src/car.o
                0x080002d8                HAL_UART_RxCpltCallback
 .text.delay_us
                0x08000314       0x30 ./Core/Src/delay.o
                0x08000314                delay_us
 .text.MX_GPIO_Init
                0x08000344       0x98 ./Core/Src/gpio.o
                0x08000344                MX_GPIO_Init
 .text.sensor_index_from_active_channel
                0x080003dc       0x34 ./Core/Src/hcsr04_3.o
 .text.HCSR04_3_Init
                0x08000410      0x210 ./Core/Src/hcsr04_3.o
                0x08000410                HCSR04_3_Init
 .text.HCSR04_3_Trigger
                0x08000620      0x1f4 ./Core/Src/hcsr04_3.o
                0x08000620                HCSR04_3_Trigger
 .text.HCSR04_3_GetDistance
                0x08000814       0x2c ./Core/Src/hcsr04_3.o
                0x08000814                HCSR04_3_GetDistance
 .text.HCSR04_3_TIM_IC_Callback
                0x08000840      0x250 ./Core/Src/hcsr04_3.o
                0x08000840                HCSR04_3_TIM_IC_Callback
 .text.HAL_TIM_IC_CaptureCallback
                0x08000a90       0x16 ./Core/Src/main.o
                0x08000a90                HAL_TIM_IC_CaptureCallback
 .text.sanitize
                0x08000aa6       0x28 ./Core/Src/main.o
 *fill*         0x08000ace        0x2 
 .text.AutoDrive_MaxDir
                0x08000ad0      0x248 ./Core/Src/main.o
 .text.main     0x08000d18      0x15c ./Core/Src/main.o
                0x08000d18                main
 .text.SystemClock_Config
                0x08000e74       0x8a ./Core/Src/main.o
                0x08000e74                SystemClock_Config
 .text.Error_Handler
                0x08000efe        0xc ./Core/Src/main.o
                0x08000efe                Error_Handler
 *fill*         0x08000f0a        0x2 
 .text.HAL_MspInit
                0x08000f0c       0x64 ./Core/Src/stm32f1xx_hal_msp.o
                0x08000f0c                HAL_MspInit
 .text.NMI_Handler
                0x08000f70        0x8 ./Core/Src/stm32f1xx_it.o
                0x08000f70                NMI_Handler
 .text.HardFault_Handler
                0x08000f78        0x8 ./Core/Src/stm32f1xx_it.o
                0x08000f78                HardFault_Handler
 .text.MemManage_Handler
                0x08000f80        0x8 ./Core/Src/stm32f1xx_it.o
                0x08000f80                MemManage_Handler
 .text.BusFault_Handler
                0x08000f88        0x8 ./Core/Src/stm32f1xx_it.o
                0x08000f88                BusFault_Handler
 .text.UsageFault_Handler
                0x08000f90        0x8 ./Core/Src/stm32f1xx_it.o
                0x08000f90                UsageFault_Handler
 .text.SVC_Handler
                0x08000f98        0xc ./Core/Src/stm32f1xx_it.o
                0x08000f98                SVC_Handler
 .text.DebugMon_Handler
                0x08000fa4        0xc ./Core/Src/stm32f1xx_it.o
                0x08000fa4                DebugMon_Handler
 .text.PendSV_Handler
                0x08000fb0        0xc ./Core/Src/stm32f1xx_it.o
                0x08000fb0                PendSV_Handler
 .text.SysTick_Handler
                0x08000fbc        0xc ./Core/Src/stm32f1xx_it.o
                0x08000fbc                SysTick_Handler
 .text.TIM2_IRQHandler
                0x08000fc8       0x14 ./Core/Src/stm32f1xx_it.o
                0x08000fc8                TIM2_IRQHandler
 .text.USART1_IRQHandler
                0x08000fdc       0x14 ./Core/Src/stm32f1xx_it.o
                0x08000fdc                USART1_IRQHandler
 .text.SystemInit
                0x08000ff0        0xc ./Core/Src/system_stm32f1xx.o
                0x08000ff0                SystemInit
 .text.MX_TIM1_Init
                0x08000ffc       0xa0 ./Core/Src/tim.o
                0x08000ffc                MX_TIM1_Init
 .text.MX_TIM2_Init
                0x0800109c      0x10c ./Core/Src/tim.o
                0x0800109c                MX_TIM2_Init
 .text.MX_TIM3_Init
                0x080011a8      0x130 ./Core/Src/tim.o
                0x080011a8                MX_TIM3_Init
 .text.HAL_TIM_Base_MspInit
                0x080012d8      0x138 ./Core/Src/tim.o
                0x080012d8                HAL_TIM_Base_MspInit
 .text.HAL_TIM_MspPostInit
                0x08001410       0x98 ./Core/Src/tim.o
                0x08001410                HAL_TIM_MspPostInit
 .text.MX_USART1_UART_Init
                0x080014a8       0x54 ./Core/Src/usart.o
                0x080014a8                MX_USART1_UART_Init
 .text.HAL_UART_MspInit
                0x080014fc       0xa8 ./Core/Src/usart.o
                0x080014fc                HAL_UART_MspInit
 .text.Reset_Handler
                0x080015a4       0x48 ./Core/Startup/startup_stm32f103rbtx.o
                0x080015a4                Reset_Handler
 .text.Default_Handler
                0x080015ec        0x2 ./Core/Startup/startup_stm32f103rbtx.o
                0x080015ec                RTC_Alarm_IRQHandler
                0x080015ec                EXTI2_IRQHandler
                0x080015ec                TIM1_CC_IRQHandler
                0x080015ec                PVD_IRQHandler
                0x080015ec                EXTI3_IRQHandler
                0x080015ec                EXTI0_IRQHandler
                0x080015ec                I2C2_EV_IRQHandler
                0x080015ec                ADC1_2_IRQHandler
                0x080015ec                SPI1_IRQHandler
                0x080015ec                TAMPER_IRQHandler
                0x080015ec                DMA1_Channel4_IRQHandler
                0x080015ec                USART3_IRQHandler
                0x080015ec                RTC_IRQHandler
                0x080015ec                DMA1_Channel7_IRQHandler
                0x080015ec                CAN1_RX1_IRQHandler
                0x080015ec                TIM4_IRQHandler
                0x080015ec                I2C1_EV_IRQHandler
                0x080015ec                DMA1_Channel6_IRQHandler
                0x080015ec                TIM3_IRQHandler
                0x080015ec                RCC_IRQHandler
                0x080015ec                TIM1_TRG_COM_IRQHandler
                0x080015ec                DMA1_Channel1_IRQHandler
                0x080015ec                Default_Handler
                0x080015ec                EXTI15_10_IRQHandler
                0x080015ec                EXTI9_5_IRQHandler
                0x080015ec                SPI2_IRQHandler
                0x080015ec                DMA1_Channel5_IRQHandler
                0x080015ec                EXTI4_IRQHandler
                0x080015ec                USB_LP_CAN1_RX0_IRQHandler
                0x080015ec                USB_HP_CAN1_TX_IRQHandler
                0x080015ec                DMA1_Channel3_IRQHandler
                0x080015ec                TIM1_UP_IRQHandler
                0x080015ec                WWDG_IRQHandler
                0x080015ec                TIM1_BRK_IRQHandler
                0x080015ec                EXTI1_IRQHandler
                0x080015ec                USART2_IRQHandler
                0x080015ec                I2C2_ER_IRQHandler
                0x080015ec                DMA1_Channel2_IRQHandler
                0x080015ec                CAN1_SCE_IRQHandler
                0x080015ec                FLASH_IRQHandler
                0x080015ec                I2C1_ER_IRQHandler
                0x080015ec                USBWakeUp_IRQHandler
 *fill*         0x080015ee        0x2 
 .text.HAL_Init
                0x080015f0       0x2c ./Drivers/STM32F1xx_HAL_Driver/Src/stm32f1xx_hal.o
                0x080015f0                HAL_Init
 .text.HAL_InitTick
                0x0800161c       0x60 ./Drivers/STM32F1xx_HAL_Driver/Src/stm32f1xx_hal.o
                0x0800161c                HAL_InitTick
 .text.HAL_IncTick
                0x0800167c       0x24 ./Drivers/STM32F1xx_HAL_Driver/Src/stm32f1xx_hal.o
                0x0800167c                HAL_IncTick
 .text.HAL_GetTick
                0x080016a0       0x14 ./Drivers/STM32F1xx_HAL_Driver/Src/stm32f1xx_hal.o
                0x080016a0                HAL_GetTick
 .text.__NVIC_SetPriorityGrouping
                0x080016b4       0x48 ./Drivers/STM32F1xx_HAL_Driver/Src/stm32f1xx_hal_cortex.o
 .text.__NVIC_GetPriorityGrouping
                0x080016fc       0x1c ./Drivers/STM32F1xx_HAL_Driver/Src/stm32f1xx_hal_cortex.o
 .text.__NVIC_EnableIRQ
                0x08001718       0x38 ./Drivers/STM32F1xx_HAL_Driver/Src/stm32f1xx_hal_cortex.o
 .text.__NVIC_SetPriority
                0x08001750       0x54 ./Drivers/STM32F1xx_HAL_Driver/Src/stm32f1xx_hal_cortex.o
 .text.NVIC_EncodePriority
                0x080017a4       0x64 ./Drivers/STM32F1xx_HAL_Driver/Src/stm32f1xx_hal_cortex.o
 .text.SysTick_Config
                0x08001808       0x44 ./Drivers/STM32F1xx_HAL_Driver/Src/stm32f1xx_hal_cortex.o
 .text.HAL_NVIC_SetPriorityGrouping
                0x0800184c       0x16 ./Drivers/STM32F1xx_HAL_Driver/Src/stm32f1xx_hal_cortex.o
                0x0800184c                HAL_NVIC_SetPriorityGrouping
 .text.HAL_NVIC_SetPriority
                0x08001862       0x38 ./Drivers/STM32F1xx_HAL_Driver/Src/stm32f1xx_hal_cortex.o
                0x08001862                HAL_NVIC_SetPriority
 .text.HAL_NVIC_EnableIRQ
                0x0800189a       0x1c ./Drivers/STM32F1xx_HAL_Driver/Src/stm32f1xx_hal_cortex.o
                0x0800189a                HAL_NVIC_EnableIRQ
 .text.HAL_SYSTICK_Config
                0x080018b6       0x18 ./Drivers/STM32F1xx_HAL_Driver/Src/stm32f1xx_hal_cortex.o
                0x080018b6                HAL_SYSTICK_Config
 .text.HAL_DMA_Abort
                0x080018ce       0x76 ./Drivers/STM32F1xx_HAL_Driver/Src/stm32f1xx_hal_dma.o
                0x080018ce                HAL_DMA_Abort
 .text.HAL_DMA_Abort_IT
                0x08001944       0xf0 ./Drivers/STM32F1xx_HAL_Driver/Src/stm32f1xx_hal_dma.o
                0x08001944                HAL_DMA_Abort_IT
 .text.HAL_GPIO_Init
                0x08001a34      0x308 ./Drivers/STM32F1xx_HAL_Driver/Src/stm32f1xx_hal_gpio.o
                0x08001a34                HAL_GPIO_Init
 .text.HAL_GPIO_WritePin
                0x08001d3c       0x30 ./Drivers/STM32F1xx_HAL_Driver/Src/stm32f1xx_hal_gpio.o
                0x08001d3c                HAL_GPIO_WritePin
 .text.HAL_RCC_OscConfig
                0x08001d6c      0x504 ./Drivers/STM32F1xx_HAL_Driver/Src/stm32f1xx_hal_rcc.o
                0x08001d6c                HAL_RCC_OscConfig
 .text.HAL_RCC_ClockConfig
                0x08002270      0x1d4 ./Drivers/STM32F1xx_HAL_Driver/Src/stm32f1xx_hal_rcc.o
                0x08002270                HAL_RCC_ClockConfig
 .text.HAL_RCC_GetSysClockFreq
                0x08002444       0xa8 ./Drivers/STM32F1xx_HAL_Driver/Src/stm32f1xx_hal_rcc.o
                0x08002444                HAL_RCC_GetSysClockFreq
 .text.HAL_RCC_GetHCLKFreq
                0x080024ec       0x14 ./Drivers/STM32F1xx_HAL_Driver/Src/stm32f1xx_hal_rcc.o
                0x080024ec                HAL_RCC_GetHCLKFreq
 .text.HAL_RCC_GetPCLK1Freq
                0x08002500       0x28 ./Drivers/STM32F1xx_HAL_Driver/Src/stm32f1xx_hal_rcc.o
                0x08002500                HAL_RCC_GetPCLK1Freq
 .text.HAL_RCC_GetPCLK2Freq
                0x08002528       0x28 ./Drivers/STM32F1xx_HAL_Driver/Src/stm32f1xx_hal_rcc.o
                0x08002528                HAL_RCC_GetPCLK2Freq
 .text.RCC_Delay
                0x08002550       0x3c ./Drivers/STM32F1xx_HAL_Driver/Src/stm32f1xx_hal_rcc.o
 .text.HAL_TIM_Base_Init
                0x0800258c       0x9e ./Drivers/STM32F1xx_HAL_Driver/Src/stm32f1xx_hal_tim.o
                0x0800258c                HAL_TIM_Base_Init
 *fill*         0x0800262a        0x2 
 .text.HAL_TIM_Base_Start
                0x0800262c       0x94 ./Drivers/STM32F1xx_HAL_Driver/Src/stm32f1xx_hal_tim.o
                0x0800262c                HAL_TIM_Base_Start
 .text.HAL_TIM_PWM_Init
                0x080026c0       0x9e ./Drivers/STM32F1xx_HAL_Driver/Src/stm32f1xx_hal_tim.o
                0x080026c0                HAL_TIM_PWM_Init
 .text.HAL_TIM_PWM_MspInit
                0x0800275e       0x12 ./Drivers/STM32F1xx_HAL_Driver/Src/stm32f1xx_hal_tim.o
                0x0800275e                HAL_TIM_PWM_MspInit
 .text.HAL_TIM_PWM_Start
                0x08002770      0x144 ./Drivers/STM32F1xx_HAL_Driver/Src/stm32f1xx_hal_tim.o
                0x08002770                HAL_TIM_PWM_Start
 .text.HAL_TIM_IC_Init
                0x080028b4       0x9e ./Drivers/STM32F1xx_HAL_Driver/Src/stm32f1xx_hal_tim.o
                0x080028b4                HAL_TIM_IC_Init
 .text.HAL_TIM_IC_MspInit
                0x08002952       0x12 ./Drivers/STM32F1xx_HAL_Driver/Src/stm32f1xx_hal_tim.o
                0x08002952                HAL_TIM_IC_MspInit
 .text.HAL_TIM_IC_Start_IT
                0x08002964      0x218 ./Drivers/STM32F1xx_HAL_Driver/Src/stm32f1xx_hal_tim.o
                0x08002964                HAL_TIM_IC_Start_IT
 .text.HAL_TIM_IRQHandler
                0x08002b7c      0x1e0 ./Drivers/STM32F1xx_HAL_Driver/Src/stm32f1xx_hal_tim.o
                0x08002b7c                HAL_TIM_IRQHandler
 .text.HAL_TIM_IC_ConfigChannel
                0x08002d5c      0x138 ./Drivers/STM32F1xx_HAL_Driver/Src/stm32f1xx_hal_tim.o
                0x08002d5c                HAL_TIM_IC_ConfigChannel
 .text.HAL_TIM_PWM_ConfigChannel
                0x08002e94      0x184 ./Drivers/STM32F1xx_HAL_Driver/Src/stm32f1xx_hal_tim.o
                0x08002e94                HAL_TIM_PWM_ConfigChannel
 .text.HAL_TIM_ConfigClockSource
                0x08003018      0x18e ./Drivers/STM32F1xx_HAL_Driver/Src/stm32f1xx_hal_tim.o
                0x08003018                HAL_TIM_ConfigClockSource
 *fill*         0x080031a6        0x2 
 .text.HAL_TIM_ReadCapturedValue
                0x080031a8       0x88 ./Drivers/STM32F1xx_HAL_Driver/Src/stm32f1xx_hal_tim.o
                0x080031a8                HAL_TIM_ReadCapturedValue
 .text.HAL_TIM_PeriodElapsedCallback
                0x08003230       0x12 ./Drivers/STM32F1xx_HAL_Driver/Src/stm32f1xx_hal_tim.o
                0x08003230                HAL_TIM_PeriodElapsedCallback
 .text.HAL_TIM_OC_DelayElapsedCallback
                0x08003242       0x12 ./Drivers/STM32F1xx_HAL_Driver/Src/stm32f1xx_hal_tim.o
                0x08003242                HAL_TIM_OC_DelayElapsedCallback
 .text.HAL_TIM_PWM_PulseFinishedCallback
                0x08003254       0x12 ./Drivers/STM32F1xx_HAL_Driver/Src/stm32f1xx_hal_tim.o
                0x08003254                HAL_TIM_PWM_PulseFinishedCallback
 .text.HAL_TIM_TriggerCallback
                0x08003266       0x12 ./Drivers/STM32F1xx_HAL_Driver/Src/stm32f1xx_hal_tim.o
                0x08003266                HAL_TIM_TriggerCallback
 .text.TIM_Base_SetConfig
                0x08003278       0xdc ./Drivers/STM32F1xx_HAL_Driver/Src/stm32f1xx_hal_tim.o
                0x08003278                TIM_Base_SetConfig
 .text.TIM_OC1_SetConfig
                0x08003354       0xcc ./Drivers/STM32F1xx_HAL_Driver/Src/stm32f1xx_hal_tim.o
 .text.TIM_OC2_SetConfig
                0x08003420       0xd4 ./Drivers/STM32F1xx_HAL_Driver/Src/stm32f1xx_hal_tim.o
                0x08003420                TIM_OC2_SetConfig
 .text.TIM_OC3_SetConfig
                0x080034f4       0xd4 ./Drivers/STM32F1xx_HAL_Driver/Src/stm32f1xx_hal_tim.o
 .text.TIM_OC4_SetConfig
                0x080035c8       0x9c ./Drivers/STM32F1xx_HAL_Driver/Src/stm32f1xx_hal_tim.o
 .text.TIM_TI1_SetConfig
                0x08003664       0xb4 ./Drivers/STM32F1xx_HAL_Driver/Src/stm32f1xx_hal_tim.o
                0x08003664                TIM_TI1_SetConfig
 .text.TIM_TI1_ConfigInputStage
                0x08003718       0x5c ./Drivers/STM32F1xx_HAL_Driver/Src/stm32f1xx_hal_tim.o
 .text.TIM_TI2_SetConfig
                0x08003774       0x78 ./Drivers/STM32F1xx_HAL_Driver/Src/stm32f1xx_hal_tim.o
 .text.TIM_TI2_ConfigInputStage
                0x080037ec       0x5e ./Drivers/STM32F1xx_HAL_Driver/Src/stm32f1xx_hal_tim.o
 .text.TIM_TI3_SetConfig
                0x0800384a       0x76 ./Drivers/STM32F1xx_HAL_Driver/Src/stm32f1xx_hal_tim.o
 .text.TIM_TI4_SetConfig
                0x080038c0       0x78 ./Drivers/STM32F1xx_HAL_Driver/Src/stm32f1xx_hal_tim.o
 .text.TIM_ITRx_SetConfig
                0x08003938       0x34 ./Drivers/STM32F1xx_HAL_Driver/Src/stm32f1xx_hal_tim.o
 .text.TIM_ETR_SetConfig
                0x0800396c       0x3e ./Drivers/STM32F1xx_HAL_Driver/Src/stm32f1xx_hal_tim.o
                0x0800396c                TIM_ETR_SetConfig
 .text.TIM_CCxChannelCmd
                0x080039aa       0x48 ./Drivers/STM32F1xx_HAL_Driver/Src/stm32f1xx_hal_tim.o
                0x080039aa                TIM_CCxChannelCmd
 *fill*         0x080039f2        0x2 
 .text.HAL_TIMEx_MasterConfigSynchronization
                0x080039f4       0xbc ./Drivers/STM32F1xx_HAL_Driver/Src/stm32f1xx_hal_tim_ex.o
                0x080039f4                HAL_TIMEx_MasterConfigSynchronization
 .text.HAL_TIMEx_CommutCallback
                0x08003ab0       0x12 ./Drivers/STM32F1xx_HAL_Driver/Src/stm32f1xx_hal_tim_ex.o
                0x08003ab0                HAL_TIMEx_CommutCallback
 .text.HAL_TIMEx_BreakCallback
                0x08003ac2       0x12 ./Drivers/STM32F1xx_HAL_Driver/Src/stm32f1xx_hal_tim_ex.o
                0x08003ac2                HAL_TIMEx_BreakCallback
 .text.HAL_UART_Init
                0x08003ad4       0xa0 ./Drivers/STM32F1xx_HAL_Driver/Src/stm32f1xx_hal_uart.o
                0x08003ad4                HAL_UART_Init
 .text.HAL_UART_Receive_IT
                0x08003b74       0x4a ./Drivers/STM32F1xx_HAL_Driver/Src/stm32f1xx_hal_uart.o
                0x08003b74                HAL_UART_Receive_IT
 *fill*         0x08003bbe        0x2 
 .text.HAL_UART_IRQHandler
                0x08003bc0      0x524 ./Drivers/STM32F1xx_HAL_Driver/Src/stm32f1xx_hal_uart.o
                0x08003bc0                HAL_UART_IRQHandler
 .text.HAL_UART_TxCpltCallback
                0x080040e4       0x12 ./Drivers/STM32F1xx_HAL_Driver/Src/stm32f1xx_hal_uart.o
                0x080040e4                HAL_UART_TxCpltCallback
 .text.HAL_UART_ErrorCallback
                0x080040f6       0x12 ./Drivers/STM32F1xx_HAL_Driver/Src/stm32f1xx_hal_uart.o
                0x080040f6                HAL_UART_ErrorCallback
 .text.HAL_UARTEx_RxEventCallback
                0x08004108       0x16 ./Drivers/STM32F1xx_HAL_Driver/Src/stm32f1xx_hal_uart.o
                0x08004108                HAL_UARTEx_RxEventCallback
 .text.UART_Start_Receive_IT
                0x0800411e       0x72 ./Drivers/STM32F1xx_HAL_Driver/Src/stm32f1xx_hal_uart.o
                0x0800411e                UART_Start_Receive_IT
 .text.UART_EndRxTransfer
                0x08004190       0xc4 ./Drivers/STM32F1xx_HAL_Driver/Src/stm32f1xx_hal_uart.o
 .text.UART_DMAAbortOnError
                0x08004254       0x28 ./Drivers/STM32F1xx_HAL_Driver/Src/stm32f1xx_hal_uart.o
 .text.UART_Transmit_IT
                0x0800427c       0x9e ./Drivers/STM32F1xx_HAL_Driver/Src/stm32f1xx_hal_uart.o
 .text.UART_EndTransmit_IT
                0x0800431a       0x30 ./Drivers/STM32F1xx_HAL_Driver/Src/stm32f1xx_hal_uart.o
 .text.UART_Receive_IT
                0x0800434a      0x17c ./Drivers/STM32F1xx_HAL_Driver/Src/stm32f1xx_hal_uart.o
 *fill*         0x080044c6        0x2 
 .text.UART_SetConfig
                0x080044c8      0x11c ./Drivers/STM32F1xx_HAL_Driver/Src/stm32f1xx_hal_uart.o
 .text.memset   0x080045e4       0x10 /opt/st/stm32cubeide_2.0.0/plugins/com.st.stm32cube.ide.mcu.externaltools.gnu-tools-for-stm32.13.3.rel1.linux64_1.0.100.202509120712/tools/bin/../lib/gcc/arm-none-eabi/13.3.1/../../../../arm-none-eabi/lib/thumb/v7-m/nofp/libc_nano.a(libc_a-memset.o)
                0x080045e4                memset
 .text.__libc_init_array
                0x080045f4       0x48 /opt/st/stm32cubeide_2.0.0/plugins/com.st.stm32cube.ide.mcu.externaltools.gnu-tools-for-stm32.13.3.rel1.linux64_1.0.100.202509120712/tools/bin/../lib/gcc/arm-none-eabi/13.3.1/../../../../arm-none-eabi/lib/thumb/v7-m/nofp/libc_nano.a(libc_a-init.o)
                0x080045f4                __libc_init_array
 *(.glue_7)
 .glue_7        0x0800463c        0x0 linker stubs
 *(.glue_7t)
 .glue_7t       0x0800463c        0x0 linker stubs
 *(.eh_frame)
 .eh_frame      0x0800463c        0x0 /opt/st/stm32cubeide_2.0.0/plugins/com.st.stm32cube.ide.mcu.externaltools.gnu-tools-for-stm32.13.3.rel1.linux64_1.0.100.202509120712/tools/bin/../lib/gcc/arm-none-eabi/13.3.1/thumb/v7-m/nofp/crtbegin.o
 *(.init)
 .init          0x0800463c        0x4 /opt/st/stm32cubeide_2.0.0/plugins/com.st.stm32cube.ide.mcu.externaltools.gnu-tools-for-stm32.13.3.rel1.linux64_1.0.100.202509120712/tools/bin/../lib/gcc/arm-none-eabi/13.3.1/thumb/v7-m/nofp/crti.o
                0x0800463c                _init
 .init          0x08004640        0x8 /opt/st/stm32cubeide_2.0.0/plugins/com.st.stm32cube.ide.mcu.externaltools.gnu-tools-for-stm32.13.3.rel1.linux64_1.0.100.202509120712/tools/bin/../lib/gcc/arm-none-eabi/13.3.1/thumb/v7-m/nofp/crtn.o
 *(.fini)
 .fini          0x08004648        0x4 /opt/st/stm32cubeide_2.0.0/plugins/com.st.stm32cube.ide.mcu.externaltools.gnu-tools-for-stm32.13.3.rel1.linux64_1.0.100.202509120712/tools/bin/../lib/gcc/arm-none-eabi/13.3.1/thumb/v7-m/nofp/crti.o
                0x08004648                _fini
 .fini          0x0800464c        0x8 /opt/st/stm32cubeide_2.0.0/plugins/com.st.stm32cube.ide.mcu.externaltools.gnu-tools-for-stm32.13.3.rel1.linux64_1.0.100.202509120712/tools/bin/../lib/gcc/arm-none-eabi/13.3.1/thumb/v7-m/nofp/crtn.o
                0x08004654                        . = ALIGN (0x4)
                0x08004654                        _etext = .

.vfp11_veneer   0x08004654        0x0
 .vfp11_veneer  0x08004654        0x0 linker stubs

.v4_bx          0x08004654        0x0
 .v4_bx         0x08004654        0x0 linker stubs

.iplt           0x08004654        0x0
 .iplt          0x08004654        0x0 /opt/st/stm32cubeide_2.0.0/plugins/com.st.stm32cube.ide.mcu.externaltools.gnu-tools-for-stm32.13.3.rel1.linux64_1.0.100.202509120712/tools/bin/../lib/gcc/arm-none-eabi/13.3.1/thumb/v7-m/nofp/crtbegin.o

.rodata         0x08004654       0x2c
                0x08004654                        . = ALIGN (0x4)
 *(.rodata)
 *(.rodata*)
 .rodata.AHBPrescTable
                0x08004654       0x10 ./Core/Src/system_stm32f1xx.o
                0x08004654                AHBPrescTable
 .rodata.APBPrescTable
                0x08004664        0x8 ./Core/Src/system_stm32f1xx.o
                0x08004664                APBPrescTable
 .rodata.aPLLMULFactorTable.1
                0x0800466c       0x10 ./Drivers/STM32F1xx_HAL_Driver/Src/stm32f1xx_hal_rcc.o
 .rodata.aPredivFactorTable.0
                0x0800467c        0x2 ./Drivers/STM32F1xx_HAL_Driver/Src/stm32f1xx_hal_rcc.o
                0x08004680                        . = ALIGN (0x4)
 *fill*         0x0800467e        0x2 

.ARM.extab      0x08004680        0x0
                0x08004680                        . = ALIGN (0x4)
 *(.ARM.extab* .gnu.linkonce.armextab.*)
                0x08004680                        . = ALIGN (0x4)

.ARM            0x08004680        0x0
                0x08004680                        . = ALIGN (0x4)
                0x08004680                        __exidx_start = .
 *(.ARM.exidx*)
                0x08004680                        __exidx_end = .
                0x08004680                        . = ALIGN (0x4)

.preinit_array  0x08004680        0x0
                0x08004680                        . = ALIGN (0x4)
                0x08004680                        PROVIDE (__preinit_array_start = .)
 *(.preinit_array*)
                0x08004680                        PROVIDE (__preinit_array_end = .)
                0x08004680                        . = ALIGN (0x4)

.init_array     0x08004680        0x4
                0x08004680                        . = ALIGN (0x4)
                0x08004680                        PROVIDE (__init_array_start = .)
 *(SORT_BY_NAME(.init_array.*))
 *(.init_array*)
 .init_array    0x08004680        0x4 /opt/st/stm32cubeide_2.0.0/plugins/com.st.stm32cube.ide.mcu.externaltools.gnu-tools-for-stm32.13.3.rel1.linux64_1.0.100.202509120712/tools/bin/../lib/gcc/arm-none-eabi/13.3.1/thumb/v7-m/nofp/crtbegin.o
                0x08004684                        PROVIDE (__init_array_end = .)
                0x08004684                        . = ALIGN (0x4)

.fini_array     0x08004684        0x4
                0x08004684                        . = ALIGN (0x4)
                [!provide]                        PROVIDE (__fini_array_start = .)
 *(SORT_BY_NAME(.fini_array.*))
 *(.fini_array*)
 .fini_array    0x08004684        0x4 /opt/st/stm32cubeide_2.0.0/plugins/com.st.stm32cube.ide.mcu.externaltools.gnu-tools-for-stm32.13.3.rel1.linux64_1.0.100.202509120712/tools/bin/../lib/gcc/arm-none-eabi/13.3.1/thumb/v7-m/nofp/crtbegin.o
                [!provide]                        PROVIDE (__fini_array_end = .)
                0x08004688                        . = ALIGN (0x4)
                0x08004688                        _sidata = LOADADDR (.data)

.rel.dyn        0x08004688        0x0
 .rel.iplt      0x08004688        0x0 /opt/st/stm32cubeide_2.0.0/plugins/com.st.stm32cube.ide.mcu.externaltools.gnu-tools-for-stm32.13.3.rel1.linux64_1.0.100.202509120712/tools/bin/../lib/gcc/arm-none-eabi/13.3.1/thumb/v7-m/nofp/crtbegin.o

.data           0x20000000        0xc load address 0x08004688
                0x20000000                        . = ALIGN (0x4)
                0x20000000                        _sdata = .
 *(.data)
 *(.data*)
 .data.SystemCoreClock
                0x20000000        0x4 ./Core/Src/system_stm32f1xx.o
                0x20000000                SystemCoreClock
 .data.uwTickPrio
                0x20000004        0x4 ./Drivers/STM32F1xx_HAL_Driver/Src/stm32f1xx_hal.o
                0x20000004                uwTickPrio
 .data.uwTickFreq
                0x20000008        0x1 ./Drivers/STM32F1xx_HAL_Driver/Src/stm32f1xx_hal.o
                0x20000008                uwTickFreq
 *(.RamFunc)
 *(.RamFunc*)
                0x2000000c                        . = ALIGN (0x4)
 *fill*         0x20000009        0x3 
                0x2000000c                        _edata = .

.igot.plt       0x2000000c        0x0 load address 0x08004694
 .igot.plt      0x2000000c        0x0 /opt/st/stm32cubeide_2.0.0/plugins/com.st.stm32cube.ide.mcu.externaltools.gnu-tools-for-stm32.13.3.rel1.linux64_1.0.100.202509120712/tools/bin/../lib/gcc/arm-none-eabi/13.3.1/thumb/v7-m/nofp/crtbegin.o
                0x2000000c                        . = ALIGN (0x4)

.bss            0x2000000c      0x1a0 load address 0x08004694
                0x2000000c                        _sbss = .
                0x2000000c                        __bss_start__ = _sbss
 *(.bss)
 .bss           0x2000000c       0x1c /opt/st/stm32cubeide_2.0.0/plugins/com.st.stm32cube.ide.mcu.externaltools.gnu-tools-for-stm32.13.3.rel1.linux64_1.0.100.202509120712/tools/bin/../lib/gcc/arm-none-eabi/13.3.1/thumb/v7-m/nofp/crtbegin.o
 *(.bss*)
 .bss.rx        0x20000028        0x1 ./Core/Src/car.o
 .bss.g_mode    0x20000029        0x1 ./Core/Src/car.o
 *fill*         0x2000002a        0x2 
 .bss.g_htim    0x2000002c        0x4 ./Core/Src/hcsr04_3.o
 .bss.s         0x20000030       0x3c ./Core/Src/hcsr04_3.o
 .bss.dist_left
                0x2000006c        0x2 ./Core/Src/main.o
                0x2000006c                dist_left
 .bss.dist_front
                0x2000006e        0x2 ./Core/Src/main.o
                0x2000006e                dist_front
 .bss.dist_right
                0x20000070        0x2 ./Core/Src/main.o
                0x20000070                dist_right
 *fill*         0x20000072        0x2 
 .bss.holdUntil
                0x20000074        0x4 ./Core/Src/main.o
 .bss.holdDir   0x20000078        0x1 ./Core/Src/main.o
 *fill*         0x20000079        0x3 
 .bss.last.2    0x2000007c        0x4 ./Core/Src/main.o
 .bss.step.1    0x20000080        0x1 ./Core/Src/main.o
 *fill*         0x20000081        0x3 
 .bss.autoTs.0  0x20000084        0x4 ./Core/Src/main.o
 .bss.htim1     0x20000088       0x48 ./Core/Src/tim.o
                0x20000088                htim1
 .bss.htim2     0x200000d0       0x48 ./Core/Src/tim.o
                0x200000d0                htim2
 .bss.htim3     0x20000118       0x48 ./Core/Src/tim.o
                0x20000118                htim3
 .bss.huart1    0x20000160       0x48 ./Core/Src/usart.o
                0x20000160                huart1
 .bss.uwTick    0x200001a8        0x4 ./Drivers/STM32F1xx_HAL_Driver/Src/stm32f1xx_hal.o
                0x200001a8                uwTick
 *(COMMON)
                0x200001ac                        . = ALIGN (0x4)
                0x200001ac                        _ebss = .
                0x200001ac                        __bss_end__ = _ebss

._user_heap_stack
                0x200001ac      0x604 load address 0x08004694
                0x200001b0                        . = ALIGN (0x8)
 *fill*         0x200001ac        0x4 
                [!provide]                        PROVIDE (end = .)
                0x200001b0                        PROVIDE (_end = .)
                0x200003b0                        . = (. + _Min_Heap_Size)
 *fill*         0x200001b0      0x200 
                0x200007b0                        . = (. + _Min_Stack_Size)
 *fill*         0x200003b0      0x400 
                0x200007b0                        . = ALIGN (0x8)

/DISCARD/
 libc.a(*)
 libm.a(*)
 libgcc.a(*)

.ARM.attributes
                0x00000000       0x29
 *(.ARM.attributes)
 .ARM.attributes
                0x00000000       0x1d /opt/st/stm32cubeide_2.0.0/plugins/com.st.stm32cube.ide.mcu.externaltools.gnu-tools-for-stm32.13.3.rel1.linux64_1.0.100.202509120712/tools/bin/../lib/gcc/arm-none-eabi/13.3.1/thumb/v7-m/nofp/crti.o
 .ARM.attributes
                0x0000001d       0x2d /opt/st/stm32cubeide_2.0.0/plugins/com.st.stm32cube.ide.mcu.externaltools.gnu-tools-for-stm32.13.3.rel1.linux64_1.0.100.202509120712/tools/bin/../lib/gcc/arm-none-eabi/13.3.1/thumb/v7-m/nofp/crtbegin.o
 .ARM.attributes
                0x0000004a       0x2d ./Core/Src/car.o
 .ARM.attributes
                0x00000077       0x2d ./Core/Src/delay.o
 .ARM.attributes
                0x000000a4       0x2d ./Core/Src/gpio.o
 .ARM.attributes
                0x000000d1       0x2d ./Core/Src/hcsr04_3.o
 .ARM.attributes
                0x000000fe       0x2d ./Core/Src/main.o
 .ARM.attributes
                0x0000012b       0x2d ./Core/Src/stm32f1xx_hal_msp.o
 .ARM.attributes
                0x00000158       0x2d ./Core/Src/stm32f1xx_it.o
 .ARM.attributes
                0x00000185       0x2d ./Core/Src/system_stm32f1xx.o
 .ARM.attributes
                0x000001b2       0x2d ./Core/Src/tim.o
 .ARM.attributes
                0x000001df       0x2d ./Core/Src/usart.o
 .ARM.attributes
                0x0000020c       0x21 ./Core/Startup/startup_stm32f103rbtx.o
 .ARM.attributes
                0x0000022d       0x2d ./Drivers/STM32F1xx_HAL_Driver/Src/stm32f1xx_hal.o
 .ARM.attributes
                0x0000025a       0x2d ./Drivers/STM32F1xx_HAL_Driver/Src/stm32f1xx_hal_cortex.o
 .ARM.attributes
                0x00000287       0x2d ./Drivers/STM32F1xx_HAL_Driver/Src/stm32f1xx_hal_dma.o
 .ARM.attributes
                0x000002b4       0x2d ./Drivers/STM32F1xx_HAL_Driver/Src/stm32f1xx_hal_gpio.o
 .ARM.attributes
                0x000002e1       0x2d ./Drivers/STM32F1xx_HAL_Driver/Src/stm32f1xx_hal_rcc.o
 .ARM.attributes
                0x0000030e       0x2d ./Drivers/STM32F1xx_HAL_Driver/Src/stm32f1xx_hal_tim.o
 .ARM.attributes
                0x0000033b       0x2d ./Drivers/STM32F1xx_HAL_Driver/Src/stm32f1xx_hal_tim_ex.o
 .ARM.attributes
                0x00000368       0x2d ./Drivers/STM32F1xx_HAL_Driver/Src/stm32f1xx_hal_uart.o
 .ARM.attributes
                0x00000395       0x2d /opt/st/stm32cubeide_2.0.0/plugins/com.st.stm32cube.ide.mcu.externaltools.gnu-tools-for-stm32.13.3.rel1.linux64_1.0.100.202509120712/tools/bin/../lib/gcc/arm-none-eabi/13.3.1/../../../../arm-none-eabi/lib/thumb/v7-m/nofp/libc_nano.a(libc_a-memset.o)
 .ARM.attributes
                0x000003c2       0x2d /opt/st/stm32cubeide_2.0.0/plugins/com.st.stm32cube.ide.mcu.externaltools.gnu-tools-for-stm32.13.3.rel1.linux64_1.0.100.202509120712/tools/bin/../lib/gcc/arm-none-eabi/13.3.1/../../../../arm-none-eabi/lib/thumb/v7-m/nofp/libc_nano.a(libc_a-init.o)
 .ARM.attributes
                0x000003ef       0x1d /opt/st/stm32cubeide_2.0.0/plugins/com.st.stm32cube.ide.mcu.externaltools.gnu-tools-for-stm32.13.3.rel1.linux64_1.0.100.202509120712/tools/bin/../lib/gcc/arm-none-eabi/13.3.1/thumb/v7-m/nofp/crtn.o
OUTPUT(rccar2.elf elf32-littlearm)
LOAD linker stubs
LOAD /opt/st/stm32cubeide_2.0.0/plugins/com.st.stm32cube.ide.mcu.externaltools.gnu-tools-for-stm32.13.3.rel1.linux64_1.0.100.202509120712/tools/bin/../lib/gcc/arm-none-eabi/13.3.1/../../../../arm-none-eabi/lib/thumb/v7-m/nofp/libc.a
LOAD /opt/st/stm32cubeide_2.0.0/plugins/com.st.stm32cube.ide.mcu.externaltools.gnu-tools-for-stm32.13.3.rel1.linux64_1.0.100.202509120712/tools/bin/../lib/gcc/arm-none-eabi/13.3.1/../../../../arm-none-eabi/lib/thumb/v7-m/nofp/libm.a
LOAD /opt/st/stm32cubeide_2.0.0/plugins/com.st.stm32cube.ide.mcu.externaltools.gnu-tools-for-stm32.13.3.rel1.linux64_1.0.100.202509120712/tools/bin/../lib/gcc/arm-none-eabi/13.3.1/thumb/v7-m/nofp/libgcc.a

.debug_info     0x00000000     0xdcad
 .debug_info    0x00000000      0x7e7 ./Core/Src/car.o
 .debug_info    0x000007e7      0x619 ./Core/Src/delay.o
 .debug_info    0x00000e00      0x2b7 ./Core/Src/gpio.o
 .debug_info    0x000010b7      0x94b ./Core/Src/hcsr04_3.o
 .debug_info    0x00001a02      0xb21 ./Core/Src/main.o
 .debug_info    0x00002523      0x1f1 ./Core/Src/stm32f1xx_hal_msp.o
 .debug_info    0x00002714      0x94c ./Core/Src/stm32f1xx_it.o
 .debug_info    0x00003060      0x222 ./Core/Src/system_stm32f1xx.o
 .debug_info    0x00003282      0xe13 ./Core/Src/tim.o
 .debug_info    0x00004095      0x92a ./Core/Src/usart.o
 .debug_info    0x000049bf       0x30 ./Core/Startup/startup_stm32f103rbtx.o
 .debug_info    0x000049ef      0x704 ./Drivers/STM32F1xx_HAL_Driver/Src/stm32f1xx_hal.o
 .debug_info    0x000050f3      0xa87 ./Drivers/STM32F1xx_HAL_Driver/Src/stm32f1xx_hal_cortex.o
 .debug_info    0x00005b7a      0x6d2 ./Drivers/STM32F1xx_HAL_Driver/Src/stm32f1xx_hal_dma.o
 .debug_info    0x0000624c      0x5ab ./Drivers/STM32F1xx_HAL_Driver/Src/stm32f1xx_hal_gpio.o
 .debug_info    0x000067f7      0x7d5 ./Drivers/STM32F1xx_HAL_Driver/Src/stm32f1xx_hal_rcc.o
 .debug_info    0x00006fcc     0x2959 ./Drivers/STM32F1xx_HAL_Driver/Src/stm32f1xx_hal_tim.o
 .debug_info    0x00009925     0x149b ./Drivers/STM32F1xx_HAL_Driver/Src/stm32f1xx_hal_tim_ex.o
 .debug_info    0x0000adc0     0x2eed ./Drivers/STM32F1xx_HAL_Driver/Src/stm32f1xx_hal_uart.o

.debug_abbrev   0x00000000     0x255e
 .debug_abbrev  0x00000000      0x1dc ./Core/Src/car.o
 .debug_abbrev  0x000001dc      0x15d ./Core/Src/delay.o
 .debug_abbrev  0x00000339      0x13f ./Core/Src/gpio.o
 .debug_abbrev  0x00000478      0x20b ./Core/Src/hcsr04_3.o
 .debug_abbrev  0x00000683      0x306 ./Core/Src/main.o
 .debug_abbrev  0x00000989       0xdb ./Core/Src/stm32f1xx_hal_msp.o
 .debug_abbrev  0x00000a64      0x19b ./Core/Src/stm32f1xx_it.o
 .debug_abbrev  0x00000bff      0x13f ./Core/Src/system_stm32f1xx.o
 .debug_abbrev  0x00000d3e      0x285 ./Core/Src/tim.o
 .debug_abbrev  0x00000fc3      0x205 ./Core/Src/usart.o
 .debug_abbrev  0x000011c8       0x24 ./Core/Startup/startup_stm32f103rbtx.o
 .debug_abbrev  0x000011ec      0x201 ./Drivers/STM32F1xx_HAL_Driver/Src/stm32f1xx_hal.o
 .debug_abbrev  0x000013ed      0x2f8 ./Drivers/STM32F1xx_HAL_Driver/Src/stm32f1xx_hal_cortex.o
 .debug_abbrev  0x000016e5      0x20b ./Drivers/STM32F1xx_HAL_Driver/Src/stm32f1xx_hal_dma.o
 .debug_abbrev  0x000018f0      0x1ca ./Drivers/STM32F1xx_HAL_Driver/Src/stm32f1xx_hal_gpio.o
 .debug_abbrev  0x00001aba      0x2b3 ./Drivers/STM32F1xx_HAL_Driver/Src/stm32f1xx_hal_rcc.o
 .debug_abbrev  0x00001d6d      0x277 ./Drivers/STM32F1xx_HAL_Driver/Src/stm32f1xx_hal_tim.o
 .debug_abbrev  0x00001fe4      0x282 ./Drivers/STM32F1xx_HAL_Driver/Src/stm32f1xx_hal_tim_ex.o
 .debug_abbrev  0x00002266      0x2f8 ./Drivers/STM32F1xx_HAL_Driver/Src/stm32f1xx_hal_uart.o

.debug_aranges  0x00000000      0xd28
 .debug_aranges
                0x00000000       0x78 ./Core/Src/car.o
 .debug_aranges
                0x00000078       0x20 ./Core/Src/delay.o
 .debug_aranges
                0x00000098       0x20 ./Core/Src/gpio.o
 .debug_aranges
                0x000000b8       0x48 ./Core/Src/hcsr04_3.o
 .debug_aranges
                0x00000100       0x48 ./Core/Src/main.o
 .debug_aranges
                0x00000148       0x20 ./Core/Src/stm32f1xx_hal_msp.o
 .debug_aranges
                0x00000168       0x70 ./Core/Src/stm32f1xx_it.o
 .debug_aranges
                0x000001d8       0x28 ./Core/Src/system_stm32f1xx.o
 .debug_aranges
                0x00000200       0x48 ./Core/Src/tim.o
 .debug_aranges
                0x00000248       0x30 ./Core/Src/usart.o
 .debug_aranges
                0x00000278       0x28 ./Core/Startup/startup_stm32f103rbtx.o
 .debug_aranges
                0x000002a0       0xe0 ./Drivers/STM32F1xx_HAL_Driver/Src/stm32f1xx_hal.o
 .debug_aranges
                0x00000380      0x100 ./Drivers/STM32F1xx_HAL_Driver/Src/stm32f1xx_hal_cortex.o
 .debug_aranges
                0x00000480       0x80 ./Drivers/STM32F1xx_HAL_Driver/Src/stm32f1xx_hal_dma.o
 .debug_aranges
                0x00000500       0x58 ./Drivers/STM32F1xx_HAL_Driver/Src/stm32f1xx_hal_gpio.o
 .debug_aranges
                0x00000558       0x90 ./Drivers/STM32F1xx_HAL_Driver/Src/stm32f1xx_hal_rcc.o
 .debug_aranges
                0x000005e8      0x3d0 ./Drivers/STM32F1xx_HAL_Driver/Src/stm32f1xx_hal_tim.o
 .debug_aranges
                0x000009b8      0x168 ./Drivers/STM32F1xx_HAL_Driver/Src/stm32f1xx_hal_tim_ex.o
 .debug_aranges
                0x00000b20      0x208 ./Drivers/STM32F1xx_HAL_Driver/Src/stm32f1xx_hal_uart.o

.debug_rnglists
                0x00000000      0xa39
 .debug_rnglists
                0x00000000       0x56 ./Core/Src/car.o
 .debug_rnglists
                0x00000056       0x13 ./Core/Src/delay.o
 .debug_rnglists
                0x00000069       0x14 ./Core/Src/gpio.o
 .debug_rnglists
                0x0000007d       0x34 ./Core/Src/hcsr04_3.o
 .debug_rnglists
                0x000000b1       0x34 ./Core/Src/main.o
 .debug_rnglists
                0x000000e5       0x13 ./Core/Src/stm32f1xx_hal_msp.o
 .debug_rnglists
                0x000000f8       0x4f ./Core/Src/stm32f1xx_it.o
 .debug_rnglists
                0x00000147       0x1a ./Core/Src/system_stm32f1xx.o
 .debug_rnglists
                0x00000161       0x37 ./Core/Src/tim.o
 .debug_rnglists
                0x00000198       0x20 ./Core/Src/usart.o
 .debug_rnglists
                0x000001b8       0x19 ./Core/Startup/startup_stm32f103rbtx.o
 .debug_rnglists
                0x000001d1       0xa3 ./Drivers/STM32F1xx_HAL_Driver/Src/stm32f1xx_hal.o
 .debug_rnglists
                0x00000274       0xbb ./Drivers/STM32F1xx_HAL_Driver/Src/stm32f1xx_hal_cortex.o
 .debug_rnglists
                0x0000032f       0x64 ./Drivers/STM32F1xx_HAL_Driver/Src/stm32f1xx_hal_dma.o
 .debug_rnglists
                0x00000393       0x3f ./Drivers/STM32F1xx_HAL_Driver/Src/stm32f1xx_hal_gpio.o
 .debug_rnglists
                0x000003d2       0x6c ./Drivers/STM32F1xx_HAL_Driver/Src/stm32f1xx_hal_rcc.o
 .debug_rnglists
                0x0000043e      0x31a ./Drivers/STM32F1xx_HAL_Driver/Src/stm32f1xx_hal_tim.o
 .debug_rnglists
                0x00000758      0x125 ./Drivers/STM32F1xx_HAL_Driver/Src/stm32f1xx_hal_tim_ex.o
 .debug_rnglists
                0x0000087d      0x1bc ./Drivers/STM32F1xx_HAL_Driver/Src/stm32f1xx_hal_uart.o

.debug_macro    0x00000000    0x17785
 .debug_macro   0x00000000      0x1cb ./Core/Src/car.o
 .debug_macro   0x000001cb      0xacc ./Core/Src/car.o
 .debug_macro   0x00000c97      0x21b ./Core/Src/car.o
 .debug_macro   0x00000eb2       0x2e ./Core/Src/car.o
 .debug_macro   0x00000ee0       0x22 ./Core/Src/car.o
 .debug_macro   0x00000f02       0x22 ./Core/Src/car.o
 .debug_macro   0x00000f24       0x8e ./Core/Src/car.o
 .debug_macro   0x00000fb2       0x51 ./Core/Src/car.o
 .debug_macro   0x00001003      0x103 ./Core/Src/car.o
 .debug_macro   0x00001106       0x6a ./Core/Src/car.o
 .debug_macro   0x00001170      0x1df ./Core/Src/car.o
 .debug_macro   0x0000134f       0x1c ./Core/Src/car.o
 .debug_macro   0x0000136b       0x22 ./Core/Src/car.o
 .debug_macro   0x0000138d       0xbd ./Core/Src/car.o
 .debug_macro   0x0000144a      0xd23 ./Core/Src/car.o
 .debug_macro   0x0000216d     0xe09e ./Core/Src/car.o
 .debug_macro   0x0001020b       0x6d ./Core/Src/car.o
 .debug_macro   0x00010278     0x34a2 ./Core/Src/car.o
 .debug_macro   0x0001371a      0x190 ./Core/Src/car.o
 .debug_macro   0x000138aa       0x5c ./Core/Src/car.o
 .debug_macro   0x00013906      0x5bc ./Core/Src/car.o
 .debug_macro   0x00013ec2      0x289 ./Core/Src/car.o
 .debug_macro   0x0001414b      0x1cb ./Core/Src/car.o
 .debug_macro   0x00014316      0x114 ./Core/Src/car.o
 .debug_macro   0x0001442a      0x1b2 ./Core/Src/car.o
 .debug_macro   0x000145dc       0x27 ./Core/Src/car.o
 .debug_macro   0x00014603      0x136 ./Core/Src/car.o
 .debug_macro   0x00014739      0x1bc ./Core/Src/car.o
 .debug_macro   0x000148f5       0x34 ./Core/Src/car.o
 .debug_macro   0x00014929       0x3c ./Core/Src/car.o
 .debug_macro   0x00014965       0x57 ./Core/Src/car.o
 .debug_macro   0x000149bc       0x87 ./Core/Src/car.o
 .debug_macro   0x00014a43      0x240 ./Core/Src/car.o
 .debug_macro   0x00014c83      0x140 ./Core/Src/car.o
 .debug_macro   0x00014dc3      0x8ed ./Core/Src/car.o
 .debug_macro   0x000156b0      0x28e ./Core/Src/car.o
 .debug_macro   0x0001593e       0x83 ./Core/Src/car.o
 .debug_macro   0x000159c1      0x1c1 ./Core/Src/delay.o
 .debug_macro   0x00015b82      0x1b7 ./Core/Src/gpio.o
 .debug_macro   0x00015d39      0x1ef ./Core/Src/hcsr04_3.o
 .debug_macro   0x00015f28      0x22d ./Core/Src/main.o
 .debug_macro   0x00016155      0x1ad ./Core/Src/stm32f1xx_hal_msp.o
 .debug_macro   0x00016302      0x1b7 ./Core/Src/stm32f1xx_it.o
 .debug_macro   0x000164b9      0x1a3 ./Core/Src/system_stm32f1xx.o
 .debug_macro   0x0001665c      0x1b7 ./Core/Src/tim.o
 .debug_macro   0x00016813      0x1b7 ./Core/Src/usart.o
 .debug_macro   0x000169ca      0x1c7 ./Drivers/STM32F1xx_HAL_Driver/Src/stm32f1xx_hal.o
 .debug_macro   0x00016b91      0x1a3 ./Drivers/STM32F1xx_HAL_Driver/Src/stm32f1xx_hal_cortex.o
 .debug_macro   0x00016d34      0x1a3 ./Drivers/STM32F1xx_HAL_Driver/Src/stm32f1xx_hal_dma.o
 .debug_macro   0x00016ed7      0x20e ./Drivers/STM32F1xx_HAL_Driver/Src/stm32f1xx_hal_gpio.o
 .debug_macro   0x000170e5      0x1b5 ./Drivers/STM32F1xx_HAL_Driver/Src/stm32f1xx_hal_rcc.o
 .debug_macro   0x0001729a      0x1a4 ./Drivers/STM32F1xx_HAL_Driver/Src/stm32f1xx_hal_tim.o
 .debug_macro   0x0001743e      0x1a3 ./Drivers/STM32F1xx_HAL_Driver/Src/stm32f1xx_hal_tim_ex.o
 .debug_macro   0x000175e1      0x1a4 ./Drivers/STM32F1xx_HAL_Driver/Src/stm32f1xx_hal_uart.o

.debug_line     0x00000000     0xf2a8
 .debug_line    0x00000000      0x7ef ./Core/Src/car.o
 .debug_line    0x000007ef      0x65b ./Core/Src/delay.o
 .debug_line    0x00000e4a      0x654 ./Core/Src/gpio.o
 .debug_line    0x0000149e      0x8df ./Core/Src/hcsr04_3.o
 .debug_line    0x00001d7d      0x9cb ./Core/Src/main.o
 .debug_line    0x00002748      0x646 ./Core/Src/stm32f1xx_hal_msp.o
 .debug_line    0x00002d8e      0x724 ./Core/Src/stm32f1xx_it.o
 .debug_line    0x000034b2      0x6c4 ./Core/Src/system_stm32f1xx.o
 .debug_line    0x00003b76      0x89e ./Core/Src/tim.o
 .debug_line    0x00004414      0x6bc ./Core/Src/usart.o
 .debug_line    0x00004ad0       0x78 ./Core/Startup/startup_stm32f103rbtx.o
 .debug_line    0x00004b48      0x8f5 ./Drivers/STM32F1xx_HAL_Driver/Src/stm32f1xx_hal.o
 .debug_line    0x0000543d      0xabf ./Drivers/STM32F1xx_HAL_Driver/Src/stm32f1xx_hal_cortex.o
 .debug_line    0x00005efc      0xcff ./Drivers/STM32F1xx_HAL_Driver/Src/stm32f1xx_hal_dma.o
 .debug_line    0x00006bfb      0x952 ./Drivers/STM32F1xx_HAL_Driver/Src/stm32f1xx_hal_gpio.o
 .debug_line    0x0000754d      0xdae ./Drivers/STM32F1xx_HAL_Driver/Src/stm32f1xx_hal_rcc.o
 .debug_line    0x000082fb     0x33e3 ./Drivers/STM32F1xx_HAL_Driver/Src/stm32f1xx_hal_tim.o
 .debug_line    0x0000b6de     0x17b9 ./Drivers/STM32F1xx_HAL_Driver/Src/stm32f1xx_hal_tim_ex.o
 .debug_line    0x0000ce97     0x2411 ./Drivers/STM32F1xx_HAL_Driver/Src/stm32f1xx_hal_uart.o

.debug_str      0x00000000    0x86d34
 .debug_str     0x00000000    0x86d34 ./Core/Src/car.o
                              0x83c73 (size before relaxing)
 .debug_str     0x00086d34        0x0 ./Core/Src/delay.o
                              0x83bd3 (size before relaxing)
 .debug_str     0x00086d34        0x0 ./Core/Src/gpio.o
                              0x837e7 (size before relaxing)
 .debug_str     0x00086d34        0x0 ./Core/Src/hcsr04_3.o
                              0x83e2b (size before relaxing)
 .debug_str     0x00086d34        0x0 ./Core/Src/main.o
                              0x8407f (size before relaxing)
 .debug_str     0x00086d34        0x0 ./Core/Src/stm32f1xx_hal_msp.o
                              0x8376f (size before relaxing)
 .debug_str     0x00086d34        0x0 ./Core/Src/stm32f1xx_it.o
                              0x83ec5 (size before relaxing)
 .debug_str     0x00086d34        0x0 ./Core/Src/system_stm32f1xx.o
                              0x8379a (size before relaxing)
 .debug_str     0x00086d34        0x0 ./Core/Src/tim.o
                              0x84279 (size before relaxing)
 .debug_str     0x00086d34        0x0 ./Core/Src/usart.o
                              0x83f4a (size before relaxing)
 .debug_str     0x00086d34        0x0 ./Core/Startup/startup_stm32f103rbtx.o
                                 0x7b (size before relaxing)
 .debug_str     0x00086d34        0x0 ./Drivers/STM32F1xx_HAL_Driver/Src/stm32f1xx_hal.o
                              0x83ecd (size before relaxing)
 .debug_str     0x00086d34        0x0 ./Drivers/STM32F1xx_HAL_Driver/Src/stm32f1xx_hal_cortex.o
                              0x83e19 (size before relaxing)
 .debug_str     0x00086d34        0x0 ./Drivers/STM32F1xx_HAL_Driver/Src/stm32f1xx_hal_dma.o
                              0x83b43 (size before relaxing)
 .debug_str     0x00086d34        0x0 ./Drivers/STM32F1xx_HAL_Driver/Src/stm32f1xx_hal_gpio.o
                              0x83b20 (size before relaxing)
 .debug_str     0x00086d34        0x0 ./Drivers/STM32F1xx_HAL_Driver/Src/stm32f1xx_hal_rcc.o
                              0x83bc9 (size before relaxing)
 .debug_str     0x00086d34        0x0 ./Drivers/STM32F1xx_HAL_Driver/Src/stm32f1xx_hal_tim.o
                              0x84bcb (size before relaxing)
 .debug_str     0x00086d34        0x0 ./Drivers/STM32F1xx_HAL_Driver/Src/stm32f1xx_hal_tim_ex.o
                              0x843d7 (size before relaxing)
 .debug_str     0x00086d34        0x0 ./Drivers/STM32F1xx_HAL_Driver/Src/stm32f1xx_hal_uart.o
                              0x8423a (size before relaxing)

.comment        0x00000000       0x43
 .comment       0x00000000       0x43 ./Core/Src/car.o
                                 0x44 (size before relaxing)
 .comment       0x00000043        0x0 ./Core/Src/delay.o
                                 0x44 (size before relaxing)
 .comment       0x00000043        0x0 ./Core/Src/gpio.o
                                 0x44 (size before relaxing)
 .comment       0x00000043        0x0 ./Core/Src/hcsr04_3.o
                                 0x44 (size before relaxing)
 .comment       0x00000043        0x0 ./Core/Src/main.o
                                 0x44 (size before relaxing)
 .comment       0x00000043        0x0 ./Core/Src/stm32f1xx_hal_msp.o
                                 0x44 (size before relaxing)
 .comment       0x00000043        0x0 ./Core/Src/stm32f1xx_it.o
                                 0x44 (size before relaxing)
 .comment       0x00000043        0x0 ./Core/Src/system_stm32f1xx.o
                                 0x44 (size before relaxing)
 .comment       0x00000043        0x0 ./Core/Src/tim.o
                                 0x44 (size before relaxing)
 .comment       0x00000043        0x0 ./Core/Src/usart.o
                                 0x44 (size before relaxing)
 .comment       0x00000043        0x0 ./Drivers/STM32F1xx_HAL_Driver/Src/stm32f1xx_hal.o
                                 0x44 (size before relaxing)
 .comment       0x00000043        0x0 ./Drivers/STM32F1xx_HAL_Driver/Src/stm32f1xx_hal_cortex.o
                                 0x44 (size before relaxing)
 .comment       0x00000043        0x0 ./Drivers/STM32F1xx_HAL_Driver/Src/stm32f1xx_hal_dma.o
                                 0x44 (size before relaxing)
 .comment       0x00000043        0x0 ./Drivers/STM32F1xx_HAL_Driver/Src/stm32f1xx_hal_gpio.o
                                 0x44 (size before relaxing)
 .comment       0x00000043        0x0 ./Drivers/STM32F1xx_HAL_Driver/Src/stm32f1xx_hal_rcc.o
                                 0x44 (size before relaxing)
 .comment       0x00000043        0x0 ./Drivers/STM32F1xx_HAL_Driver/Src/stm32f1xx_hal_tim.o
                                 0x44 (size before relaxing)
 .comment       0x00000043        0x0 ./Drivers/STM32F1xx_HAL_Driver/Src/stm32f1xx_hal_tim_ex.o
                                 0x44 (size before relaxing)
 .comment       0x00000043        0x0 ./Drivers/STM32F1xx_HAL_Driver/Src/stm32f1xx_hal_uart.o
                                 0x44 (size before relaxing)

.debug_frame    0x00000000     0x3530
 .debug_frame   0x00000000      0x180 ./Core/Src/car.o
 .debug_frame   0x00000180       0x38 ./Core/Src/delay.o
 .debug_frame   0x000001b8       0x34 ./Core/Src/gpio.o
 .debug_frame   0x000001ec       0xf8 ./Core/Src/hcsr04_3.o
 .debug_frame   0x000002e4       0xdc ./Core/Src/main.o
 .debug_frame   0x000003c0       0x38 ./Core/Src/stm32f1xx_hal_msp.o
 .debug_frame   0x000003f8      0x13c ./Core/Src/stm32f1xx_it.o
 .debug_frame   0x00000534       0x58 ./Core/Src/system_stm32f1xx.o
 .debug_frame   0x0000058c       0xe8 ./Core/Src/tim.o
 .debug_frame   0x00000674       0x74 ./Core/Src/usart.o
 .debug_frame   0x000006e8      0x334 ./Drivers/STM32F1xx_HAL_Driver/Src/stm32f1xx_hal.o
 .debug_frame   0x00000a1c      0x428 ./Drivers/STM32F1xx_HAL_Driver/Src/stm32f1xx_hal_cortex.o
 .debug_frame   0x00000e44      0x208 ./Drivers/STM32F1xx_HAL_Driver/Src/stm32f1xx_hal_dma.o
 .debug_frame   0x0000104c      0x14c ./Drivers/STM32F1xx_HAL_Driver/Src/stm32f1xx_hal_gpio.o
 .debug_frame   0x00001198      0x218 ./Drivers/STM32F1xx_HAL_Driver/Src/stm32f1xx_hal_rcc.o
 .debug_frame   0x000013b0     0x11b8 ./Drivers/STM32F1xx_HAL_Driver/Src/stm32f1xx_hal_tim.o
 .debug_frame   0x00002568      0x638 ./Drivers/STM32F1xx_HAL_Driver/Src/stm32f1xx_hal_tim_ex.o
 .debug_frame   0x00002ba0      0x944 ./Drivers/STM32F1xx_HAL_Driver/Src/stm32f1xx_hal_uart.o
 .debug_frame   0x000034e4       0x20 /opt/st/stm32cubeide_2.0.0/plugins/com.st.stm32cube.ide.mcu.externaltools.gnu-tools-for-stm32.13.3.rel1.linux64_1.0.100.202509120712/tools/bin/../lib/gcc/arm-none-eabi/13.3.1/../../../../arm-none-eabi/lib/thumb/v7-m/nofp/libc_nano.a(libc_a-memset.o)
 .debug_frame   0x00003504       0x2c /opt/st/stm32cubeide_2.0.0/plugins/com.st.stm32cube.ide.mcu.externaltools.gnu-tools-for-stm32.13.3.rel1.linux64_1.0.100.202509120712/tools/bin/../lib/gcc/arm-none-eabi/13.3.1/../../../../arm-none-eabi/lib/thumb/v7-m/nofp/libc_nano.a(libc_a-init.o)

.debug_line_str
                0x00000000       0x5f
 .debug_line_str
                0x00000000       0x5f ./Core/Startup/startup_stm32f103rbtx.o
