../Core/Src/car.c:7:13:Car_SetAllOff	4	static
../Core/Src/car.c:16:6:Car_Init	8	static
../Core/Src/car.c:22:6:Car_Stop	8	static
../Core/Src/car.c:27:6:Car_Forward	8	static
../Core/Src/car.c:34:6:Car_Backward	8	static
../Core/Src/car.c:41:6:Car_Left	8	static
../Core/Src/car.c:48:6:Car_Right	8	static
../Core/Src/car.c:55:6:Car_UartStart	8	static
../Core/Src/car.c:62:6:Car_OnUartByte	16	static
../Core/Src/car.c:79:11:Car_GetMode	4	static
../Core/Src/car.c:81:6:Car_SetMode	16	static
../Core/Src/car.c:89:6:HAL_UART_RxCpltCallback	16	static
